2026-02-22 17:49:54,138 - pygad.pygad - ERROR - list index out of range
Traceback (most recent call last):
  File "C:\Users\Matej\AppData\Local\Programs\Python\Python313\Lib\site-packages\pygad\pygad.py", line 1535, in cal_pop_fitness
    fitness = self.best_solutions_fitness[solution_idx]
              ~~~~~~~~~~~~~~~~~~~~~~~~~~~^^^^^^^^^^^^^^
IndexError: list index out of range
2026-02-22 17:49:54,140 - pygad.pygad - ERROR - list index out of range
Traceback (most recent call last):
  File "C:\Users\Matej\AppData\Local\Programs\Python\Python313\Lib\site-packages\pygad\pygad.py", line 2217, in best_solution
    pop_fitness = self.cal_pop_fitness()
  File "C:\Users\Matej\AppData\Local\Programs\Python\Python313\Lib\site-packages\pygad\pygad.py", line 1722, in cal_pop_fitness
    raise ex
  File "C:\Users\Matej\AppData\Local\Programs\Python\Python313\Lib\site-packages\pygad\pygad.py", line 1535, in cal_pop_fitness
    fitness = self.best_solutions_fitness[solution_idx]
              ~~~~~~~~~~~~~~~~~~~~~~~~~~~^^^^^^^^^^^^^^
IndexError: list index out of range
2026-02-22 17:49:54,145 - pygad.pygad - ERROR - list index out of range
Traceback (most recent call last):
  File "C:\Users\Matej\AppData\Local\Programs\Python\Python313\Lib\site-packages\pygad\pygad.py", line 1826, in run
    r = self.on_generation(self)
  File "C:\Users\Matej\Desktop\pripravaBC\geneticAlgorithms\pygadGenetic.py", line 38, in on_generation
    best_solution, best_fitness, _ = ga_instance.best_solution()
                                     ~~~~~~~~~~~~~~~~~~~~~~~~~^^
  File "C:\Users\Matej\AppData\Local\Programs\Python\Python313\Lib\site-packages\pygad\pygad.py", line 2253, in best_solution
    raise ex
  File "C:\Users\Matej\AppData\Local\Programs\Python\Python313\Lib\site-packages\pygad\pygad.py", line 2217, in best_solution
    pop_fitness = self.cal_pop_fitness()
  File "C:\Users\Matej\AppData\Local\Programs\Python\Python313\Lib\site-packages\pygad\pygad.py", line 1722, in cal_pop_fitness
    raise ex
  File "C:\Users\Matej\AppData\Local\Programs\Python\Python313\Lib\site-packages\pygad\pygad.py", line 1535, in cal_pop_fitness
    fitness = self.best_solutions_fitness[solution_idx]
              ~~~~~~~~~~~~~~~~~~~~~~~~~~~^^^^^^^^^^^^^^
IndexError: list index out of range
2026-03-03 11:52:32,930 - pygad.pygad - ERROR - '<=' not supported between instances of 'float' and 'NoneType'
Traceback (most recent call last):
  File "C:\Users\Matej\AppData\Local\Programs\Python\Python313\Lib\site-packages\pygad\pygad.py", line 1559, in cal_pop_fitness
    fitness = self.fitness_func(self, sol, sol_idx)
  File "C:\Users\Matej\Desktop\pripravaBC\geneticAlgorithms\pygadGenetic.py", line 33, in myFitnessFunc
    cont = bottomLeftFillSortedLists.bottom_left_fill(self.containerWidth, sorted_input, self.useRtreeInPLacement)
  File "C:\Users\Matej\Desktop\pripravaBC\placement\bottomLeftFillSortedLists.py", line 91, in bottom_left_fill
    rectPos = placeRectangle(cont,rect)
  File "C:\Users\Matej\Desktop\pripravaBC\placement\bottomLeftFillSortedLists.py", line 68, in placeRectangle
    newPosition = slideDown(container,rectangle,rectPos)
  File "C:\Users\Matej\Desktop\pripravaBC\placement\bottomLeftFillSortedLists.py", line 51, in slideDown
    if r.overlaps(collisionCheckRect):
       ~~~~~~~~~~^^^^^^^^^^^^^^^^^^^^
  File "C:\Users\Matej\Desktop\pripravaBC\rectangle.py", line 45, in overlaps
    self.x + self.width <= other.x or  # self is left of other
    ^^^^^^^^^^^^^^^^^^^^^^^^^^^^^^
TypeError: '<=' not supported between instances of 'float' and 'NoneType'
2026-03-03 11:52:32,933 - pygad.pygad - ERROR - '<=' not supported between instances of 'float' and 'NoneType'
Traceback (most recent call last):
  File "C:\Users\Matej\AppData\Local\Programs\Python\Python313\Lib\site-packages\pygad\pygad.py", line 1765, in run
    self.last_generation_fitness = self.cal_pop_fitness()
                                   ~~~~~~~~~~~~~~~~~~~~^^
  File "C:\Users\Matej\AppData\Local\Programs\Python\Python313\Lib\site-packages\pygad\pygad.py", line 1722, in cal_pop_fitness
    raise ex
  File "C:\Users\Matej\AppData\Local\Programs\Python\Python313\Lib\site-packages\pygad\pygad.py", line 1559, in cal_pop_fitness
    fitness = self.fitness_func(self, sol, sol_idx)
  File "C:\Users\Matej\Desktop\pripravaBC\geneticAlgorithms\pygadGenetic.py", line 33, in myFitnessFunc
    cont = bottomLeftFillSortedLists.bottom_left_fill(self.containerWidth, sorted_input, self.useRtreeInPLacement)
  File "C:\Users\Matej\Desktop\pripravaBC\placement\bottomLeftFillSortedLists.py", line 91, in bottom_left_fill
    rectPos = placeRectangle(cont,rect)
  File "C:\Users\Matej\Desktop\pripravaBC\placement\bottomLeftFillSortedLists.py", line 68, in placeRectangle
    newPosition = slideDown(container,rectangle,rectPos)
  File "C:\Users\Matej\Desktop\pripravaBC\placement\bottomLeftFillSortedLists.py", line 51, in slideDown
    if r.overlaps(collisionCheckRect):
       ~~~~~~~~~~^^^^^^^^^^^^^^^^^^^^
  File "C:\Users\Matej\Desktop\pripravaBC\rectangle.py", line 45, in overlaps
    self.x + self.width <= other.x or  # self is left of other
    ^^^^^^^^^^^^^^^^^^^^^^^^^^^^^^
TypeError: '<=' not supported between instances of 'float' and 'NoneType'
2026-03-03 12:17:18,492 - pygad.pygad - ERROR - placeRectangle() missing 1 required positional argument: 'placedRectsSorted'
Traceback (most recent call last):
  File "C:\Users\Matej\AppData\Local\Programs\Python\Python313\Lib\site-packages\pygad\pygad.py", line 1559, in cal_pop_fitness
    fitness = self.fitness_func(self, sol, sol_idx)
  File "C:\Users\Matej\Desktop\pripravaBC\geneticAlgorithms\pygadGenetic.py", line 33, in myFitnessFunc
    cont = bottomLeftFillSortedLists.bottom_left_fill(self.containerWidth, sorted_input, self.useRtreeInPLacement)
  File "C:\Users\Matej\Desktop\pripravaBC\placement\bottomLeftFillSortedLists.py", line 90, in bottom_left_fill
    rectPos = placeRectangle(cont,rect)
TypeError: placeRectangle() missing 1 required positional argument: 'placedRectsSorted'
2026-03-03 12:17:18,493 - pygad.pygad - ERROR - placeRectangle() missing 1 required positional argument: 'placedRectsSorted'
Traceback (most recent call last):
  File "C:\Users\Matej\AppData\Local\Programs\Python\Python313\Lib\site-packages\pygad\pygad.py", line 1765, in run
    self.last_generation_fitness = self.cal_pop_fitness()
                                   ~~~~~~~~~~~~~~~~~~~~^^
  File "C:\Users\Matej\AppData\Local\Programs\Python\Python313\Lib\site-packages\pygad\pygad.py", line 1722, in cal_pop_fitness
    raise ex
  File "C:\Users\Matej\AppData\Local\Programs\Python\Python313\Lib\site-packages\pygad\pygad.py", line 1559, in cal_pop_fitness
    fitness = self.fitness_func(self, sol, sol_idx)
  File "C:\Users\Matej\Desktop\pripravaBC\geneticAlgorithms\pygadGenetic.py", line 33, in myFitnessFunc
    cont = bottomLeftFillSortedLists.bottom_left_fill(self.containerWidth, sorted_input, self.useRtreeInPLacement)
  File "C:\Users\Matej\Desktop\pripravaBC\placement\bottomLeftFillSortedLists.py", line 90, in bottom_left_fill
    rectPos = placeRectangle(cont,rect)
TypeError: placeRectangle() missing 1 required positional argument: 'placedRectsSorted'
2026-04-23 20:15:06,774 - pygad.utils.validation - ERROR - 'numpy.ndarray' object has no attribute 'index'
Traceback (most recent call last):
  File "C:\Users\Matej\AppData\Local\Programs\Python\Python314\Lib\site-packages\pygad\utils\engine.py", line 493, in run
    r = self.on_generation(self)
  File "C:\Users\Matej\Desktop\bcprace\geneticAlgorithms\pygadGenetic.py", line 46, in on_generation
    best_idx = fitnesses.index(max(fitnesses))
               ^^^^^^^^^^^^^^^
AttributeError: 'numpy.ndarray' object has no attribute 'index'
2026-04-23 20:19:25,820 - pygad.utils.validation - ERROR - name 'np' is not defined
Traceback (most recent call last):
  File "C:\Users\Matej\AppData\Local\Programs\Python\Python314\Lib\site-packages\pygad\utils\engine.py", line 493, in run
    r = self.on_generation(self)
  File "C:\Users\Matej\Desktop\bcprace\geneticAlgorithms\pygadGenetic.py", line 45, in on_generation
    fitnesses = np.argmax(fitnesses)
                ^^
NameError: name 'np' is not defined
2026-04-23 20:20:00,143 - pygad.utils.validation - ERROR - cannot access local variable 'fitnesses' where it is not associated with a value
Traceback (most recent call last):
  File "C:\Users\Matej\AppData\Local\Programs\Python\Python314\Lib\site-packages\pygad\utils\engine.py", line 493, in run
    r = self.on_generation(self)
  File "C:\Users\Matej\Desktop\bcprace\geneticAlgorithms\pygadGenetic.py", line 45, in on_generation
    fitnesses = np.argmax(fitnesses)
                          ^^^^^^^^^
UnboundLocalError: cannot access local variable 'fitnesses' where it is not associated with a value
2026-04-23 20:21:24,264 - pygad.utils.validation - ERROR - 'Container' object has no attribute 'getHeight'
Traceback (most recent call last):
  File "C:\Users\Matej\AppData\Local\Programs\Python\Python314\Lib\site-packages\pygad\utils\engine.py", line 493, in run
    r = self.on_generation(self)
  File "C:\Users\Matej\Desktop\bcprace\geneticAlgorithms\pygadGenetic.py", line 63, in on_generation
    best_height=best_cont.getHeight() if best_cont else None,
                ^^^^^^^^^^^^^^^^^^^
AttributeError: 'Container' object has no attribute 'getHeight'
2026-04-23 21:04:48,773 - pygad.utils.validation - ERROR - 'PygadGA_sliding' object has no attribute 'global_best_fittness'
Traceback (most recent call last):
  File "C:\Users\Matej\AppData\Local\Programs\Python\Python314\Lib\site-packages\pygad\utils\engine.py", line 493, in run
    r = self.on_generation(self)
  File "C:\Users\Matej\Desktop\bcprace\geneticAlgorithms\pygadGenetic_sliding.py", line 50, in on_generation
    if self.global_best_fittness < best_fitness:
       ^^^^^^^^^^^^^^^^^^^^^^^^^
AttributeError: 'PygadGA_sliding' object has no attribute 'global_best_fittness'
